Archive member included to satisfy reference by file (symbol)

c:/program files (x86)/atmel/studio/7.0/toolchain/avr8/avr8-gnu-toolchain/bin/../lib/gcc/avr/5.4.0/avr5\libgcc.a(_exit.o)
                              C:/Program Files (x86)/Atmel/Studio/7.0/Packs/atmel/ATmega_DFP/1.7.374/gcc/dev/atmega32/avr5/crtatmega32.o (exit)
c:/program files (x86)/atmel/studio/7.0/toolchain/avr8/avr8-gnu-toolchain/bin/../lib/gcc/avr/5.4.0/avr5\libgcc.a(_copy_data.o)
                              APP/app.o (__do_copy_data)
c:/program files (x86)/atmel/studio/7.0/toolchain/avr8/avr8-gnu-toolchain/bin/../lib/gcc/avr/5.4.0/avr5\libgcc.a(_clear_bss.o)
                              HAL/button/button.o (__do_clear_bss)

Discarded input sections

 .data          0x00000000        0x0 C:/Program Files (x86)/Atmel/Studio/7.0/Packs/atmel/ATmega_DFP/1.7.374/gcc/dev/atmega32/avr5/crtatmega32.o
 .bss           0x00000000        0x0 C:/Program Files (x86)/Atmel/Studio/7.0/Packs/atmel/ATmega_DFP/1.7.374/gcc/dev/atmega32/avr5/crtatmega32.o
 .text          0x00000000        0x0 APP/app.o
 .data          0x00000000        0x0 APP/app.o
 .bss           0x00000000        0x0 APP/app.o
 .text.TASK_3   0x00000000        0x6 APP/app.o
 .text          0x00000000        0x0 HAL/button/button.o
 .data          0x00000000        0x0 HAL/button/button.o
 .bss           0x00000000        0x0 HAL/button/button.o
 .text          0x00000000        0x0 HAL/ext_interrupt_manager/ext_interrupt_manager.o
 .data          0x00000000        0x0 HAL/ext_interrupt_manager/ext_interrupt_manager.o
 .bss           0x00000000        0x0 HAL/ext_interrupt_manager/ext_interrupt_manager.o
 .text          0x00000000        0x0 HAL/led/led.o
 .data          0x00000000        0x0 HAL/led/led.o
 .bss           0x00000000        0x0 HAL/led/led.o
 .text.LED_on   0x00000000       0x4a HAL/led/led.o
 .text          0x00000000        0x0 HAL/timer_manager/timer_manager.o
 .data          0x00000000        0x0 HAL/timer_manager/timer_manager.o
 .bss           0x00000000        0x0 HAL/timer_manager/timer_manager.o
 .text          0x00000000        0x0 main.o
 .data          0x00000000        0x0 main.o
 .bss           0x00000000        0x0 main.o
 .text          0x00000000        0x0 MCAL/dio/dio.o
 .data          0x00000000        0x0 MCAL/dio/dio.o
 .bss           0x00000000        0x0 MCAL/dio/dio.o
 .text          0x00000000        0x0 MCAL/ext_interrupt/ext_interrupt.o
 .data          0x00000000        0x0 MCAL/ext_interrupt/ext_interrupt.o
 .bss           0x00000000        0x0 MCAL/ext_interrupt/ext_interrupt.o
 .text          0x00000000        0x0 MCAL/timer/timer.o
 .data          0x00000000        0x0 MCAL/timer/timer.o
 .bss           0x00000000        0x0 MCAL/timer/timer.o
 .text          0x00000000        0x0 SERV/sos/sos.o
 .data          0x00000000        0x0 SERV/sos/sos.o
 .bss           0x00000000        0x0 SERV/sos/sos.o
 .text.SOS_deinit
                0x00000000       0x6a SERV/sos/sos.o
 .text.SOS_modify_task
                0x00000000       0x58 SERV/sos/sos.o
 .text.SOS_delete_task
                0x00000000       0x60 SERV/sos/sos.o
 .text.SOS_idle
                0x00000000        0x2 SERV/sos/sos.o
 .text          0x00000000        0x0 c:/program files (x86)/atmel/studio/7.0/toolchain/avr8/avr8-gnu-toolchain/bin/../lib/gcc/avr/5.4.0/avr5\libgcc.a(_exit.o)
 .data          0x00000000        0x0 c:/program files (x86)/atmel/studio/7.0/toolchain/avr8/avr8-gnu-toolchain/bin/../lib/gcc/avr/5.4.0/avr5\libgcc.a(_exit.o)
 .bss           0x00000000        0x0 c:/program files (x86)/atmel/studio/7.0/toolchain/avr8/avr8-gnu-toolchain/bin/../lib/gcc/avr/5.4.0/avr5\libgcc.a(_exit.o)
 .text.libgcc.mul
                0x00000000        0x0 c:/program files (x86)/atmel/studio/7.0/toolchain/avr8/avr8-gnu-toolchain/bin/../lib/gcc/avr/5.4.0/avr5\libgcc.a(_exit.o)
 .text.libgcc.div
                0x00000000        0x0 c:/program files (x86)/atmel/studio/7.0/toolchain/avr8/avr8-gnu-toolchain/bin/../lib/gcc/avr/5.4.0/avr5\libgcc.a(_exit.o)
 .text.libgcc   0x00000000        0x0 c:/program files (x86)/atmel/studio/7.0/toolchain/avr8/avr8-gnu-toolchain/bin/../lib/gcc/avr/5.4.0/avr5\libgcc.a(_exit.o)
 .text.libgcc.prologue
                0x00000000        0x0 c:/program files (x86)/atmel/studio/7.0/toolchain/avr8/avr8-gnu-toolchain/bin/../lib/gcc/avr/5.4.0/avr5\libgcc.a(_exit.o)
 .text.libgcc.builtins
                0x00000000        0x0 c:/program files (x86)/atmel/studio/7.0/toolchain/avr8/avr8-gnu-toolchain/bin/../lib/gcc/avr/5.4.0/avr5\libgcc.a(_exit.o)
 .text.libgcc.fmul
                0x00000000        0x0 c:/program files (x86)/atmel/studio/7.0/toolchain/avr8/avr8-gnu-toolchain/bin/../lib/gcc/avr/5.4.0/avr5\libgcc.a(_exit.o)
 .text.libgcc.fixed
                0x00000000        0x0 c:/program files (x86)/atmel/studio/7.0/toolchain/avr8/avr8-gnu-toolchain/bin/../lib/gcc/avr/5.4.0/avr5\libgcc.a(_exit.o)
 .text          0x00000000        0x0 c:/program files (x86)/atmel/studio/7.0/toolchain/avr8/avr8-gnu-toolchain/bin/../lib/gcc/avr/5.4.0/avr5\libgcc.a(_copy_data.o)
 .data          0x00000000        0x0 c:/program files (x86)/atmel/studio/7.0/toolchain/avr8/avr8-gnu-toolchain/bin/../lib/gcc/avr/5.4.0/avr5\libgcc.a(_copy_data.o)
 .bss           0x00000000        0x0 c:/program files (x86)/atmel/studio/7.0/toolchain/avr8/avr8-gnu-toolchain/bin/../lib/gcc/avr/5.4.0/avr5\libgcc.a(_copy_data.o)
 .text.libgcc.mul
                0x00000000        0x0 c:/program files (x86)/atmel/studio/7.0/toolchain/avr8/avr8-gnu-toolchain/bin/../lib/gcc/avr/5.4.0/avr5\libgcc.a(_copy_data.o)
 .text.libgcc.div
                0x00000000        0x0 c:/program files (x86)/atmel/studio/7.0/toolchain/avr8/avr8-gnu-toolchain/bin/../lib/gcc/avr/5.4.0/avr5\libgcc.a(_copy_data.o)
 .text.libgcc   0x00000000        0x0 c:/program files (x86)/atmel/studio/7.0/toolchain/avr8/avr8-gnu-toolchain/bin/../lib/gcc/avr/5.4.0/avr5\libgcc.a(_copy_data.o)
 .text.libgcc.prologue
                0x00000000        0x0 c:/program files (x86)/atmel/studio/7.0/toolchain/avr8/avr8-gnu-toolchain/bin/../lib/gcc/avr/5.4.0/avr5\libgcc.a(_copy_data.o)
 .text.libgcc.builtins
                0x00000000        0x0 c:/program files (x86)/atmel/studio/7.0/toolchain/avr8/avr8-gnu-toolchain/bin/../lib/gcc/avr/5.4.0/avr5\libgcc.a(_copy_data.o)
 .text.libgcc.fmul
                0x00000000        0x0 c:/program files (x86)/atmel/studio/7.0/toolchain/avr8/avr8-gnu-toolchain/bin/../lib/gcc/avr/5.4.0/avr5\libgcc.a(_copy_data.o)
 .text.libgcc.fixed
                0x00000000        0x0 c:/program files (x86)/atmel/studio/7.0/toolchain/avr8/avr8-gnu-toolchain/bin/../lib/gcc/avr/5.4.0/avr5\libgcc.a(_copy_data.o)
 .text          0x00000000        0x0 c:/program files (x86)/atmel/studio/7.0/toolchain/avr8/avr8-gnu-toolchain/bin/../lib/gcc/avr/5.4.0/avr5\libgcc.a(_clear_bss.o)
 .data          0x00000000        0x0 c:/program files (x86)/atmel/studio/7.0/toolchain/avr8/avr8-gnu-toolchain/bin/../lib/gcc/avr/5.4.0/avr5\libgcc.a(_clear_bss.o)
 .bss           0x00000000        0x0 c:/program files (x86)/atmel/studio/7.0/toolchain/avr8/avr8-gnu-toolchain/bin/../lib/gcc/avr/5.4.0/avr5\libgcc.a(_clear_bss.o)
 .text.libgcc.mul
                0x00000000        0x0 c:/program files (x86)/atmel/studio/7.0/toolchain/avr8/avr8-gnu-toolchain/bin/../lib/gcc/avr/5.4.0/avr5\libgcc.a(_clear_bss.o)
 .text.libgcc.div
                0x00000000        0x0 c:/program files (x86)/atmel/studio/7.0/toolchain/avr8/avr8-gnu-toolchain/bin/../lib/gcc/avr/5.4.0/avr5\libgcc.a(_clear_bss.o)
 .text.libgcc   0x00000000        0x0 c:/program files (x86)/atmel/studio/7.0/toolchain/avr8/avr8-gnu-toolchain/bin/../lib/gcc/avr/5.4.0/avr5\libgcc.a(_clear_bss.o)
 .text.libgcc.prologue
                0x00000000        0x0 c:/program files (x86)/atmel/studio/7.0/toolchain/avr8/avr8-gnu-toolchain/bin/../lib/gcc/avr/5.4.0/avr5\libgcc.a(_clear_bss.o)
 .text.libgcc.builtins
                0x00000000        0x0 c:/program files (x86)/atmel/studio/7.0/toolchain/avr8/avr8-gnu-toolchain/bin/../lib/gcc/avr/5.4.0/avr5\libgcc.a(_clear_bss.o)
 .text.libgcc.fmul
                0x00000000        0x0 c:/program files (x86)/atmel/studio/7.0/toolchain/avr8/avr8-gnu-toolchain/bin/../lib/gcc/avr/5.4.0/avr5\libgcc.a(_clear_bss.o)
 .text.libgcc.fixed
                0x00000000        0x0 c:/program files (x86)/atmel/studio/7.0/toolchain/avr8/avr8-gnu-toolchain/bin/../lib/gcc/avr/5.4.0/avr5\libgcc.a(_clear_bss.o)

Memory Configuration

Name             Origin             Length             Attributes
text             0x00000000         0x00008000         xr
data             0x00800060         0x00000800         rw !x
eeprom           0x00810000         0x00000400         rw !x
fuse             0x00820000         0x00000002         rw !x
lock             0x00830000         0x00000400         rw !x
signature        0x00840000         0x00000400         rw !x
user_signatures  0x00850000         0x00000400         rw !x
*default*        0x00000000         0xffffffff

Linker script and memory map

LOAD C:/Program Files (x86)/Atmel/Studio/7.0/Packs/atmel/ATmega_DFP/1.7.374/gcc/dev/atmega32/avr5/crtatmega32.o
LOAD APP/app.o
LOAD HAL/button/button.o
LOAD HAL/ext_interrupt_manager/ext_interrupt_manager.o
LOAD HAL/led/led.o
LOAD HAL/timer_manager/timer_manager.o
LOAD main.o
LOAD MCAL/dio/dio.o
LOAD MCAL/ext_interrupt/ext_interrupt.o
LOAD MCAL/timer/timer.o
LOAD SERV/sos/sos.o
START GROUP
LOAD c:/program files (x86)/atmel/studio/7.0/toolchain/avr8/avr8-gnu-toolchain/bin/../lib/gcc/avr/5.4.0/../../../../avr/lib/avr5\libm.a
END GROUP
START GROUP
LOAD c:/program files (x86)/atmel/studio/7.0/toolchain/avr8/avr8-gnu-toolchain/bin/../lib/gcc/avr/5.4.0/avr5\libgcc.a
LOAD c:/program files (x86)/atmel/studio/7.0/toolchain/avr8/avr8-gnu-toolchain/bin/../lib/gcc/avr/5.4.0/../../../../avr/lib/avr5\libm.a
LOAD c:/program files (x86)/atmel/studio/7.0/toolchain/avr8/avr8-gnu-toolchain/bin/../lib/gcc/avr/5.4.0/../../../../avr/lib/avr5\libc.a
LOAD C:/Program Files (x86)/Atmel/Studio/7.0/Packs/atmel/ATmega_DFP/1.7.374/gcc/dev/atmega32/avr5\libatmega32.a
END GROUP
                0x00000000                __TEXT_REGION_ORIGIN__ = DEFINED (__TEXT_REGION_ORIGIN__)?__TEXT_REGION_ORIGIN__:0x0
                [0x00800060]                __DATA_REGION_ORIGIN__ = DEFINED (__DATA_REGION_ORIGIN__)?__DATA_REGION_ORIGIN__:0x800060
                [0x00008000]                __TEXT_REGION_LENGTH__ = DEFINED (__TEXT_REGION_LENGTH__)?__TEXT_REGION_LENGTH__:0x20000
                [0x00000800]                __DATA_REGION_LENGTH__ = DEFINED (__DATA_REGION_LENGTH__)?__DATA_REGION_LENGTH__:0xffa0
                [0x00000400]                __EEPROM_REGION_LENGTH__ = DEFINED (__EEPROM_REGION_LENGTH__)?__EEPROM_REGION_LENGTH__:0x10000
                [0x00000002]                __FUSE_REGION_LENGTH__ = DEFINED (__FUSE_REGION_LENGTH__)?__FUSE_REGION_LENGTH__:0x400
                0x00000400                __LOCK_REGION_LENGTH__ = DEFINED (__LOCK_REGION_LENGTH__)?__LOCK_REGION_LENGTH__:0x400
                0x00000400                __SIGNATURE_REGION_LENGTH__ = DEFINED (__SIGNATURE_REGION_LENGTH__)?__SIGNATURE_REGION_LENGTH__:0x400
                0x00000400                __USER_SIGNATURE_REGION_LENGTH__ = DEFINED (__USER_SIGNATURE_REGION_LENGTH__)?__USER_SIGNATURE_REGION_LENGTH__:0x400

.hash
 *(.hash)

.dynsym
 *(.dynsym)

.dynstr
 *(.dynstr)

.gnu.version
 *(.gnu.version)

.gnu.version_d
 *(.gnu.version_d)

.gnu.version_r
 *(.gnu.version_r)

.rel.init
 *(.rel.init)

.rela.init
 *(.rela.init)

.rel.text
 *(.rel.text)
 *(.rel.text.*)
 *(.rel.gnu.linkonce.t*)

.rela.text
 *(.rela.text)
 *(.rela.text.*)
 *(.rela.gnu.linkonce.t*)

.rel.fini
 *(.rel.fini)

.rela.fini
 *(.rela.fini)

.rel.rodata
 *(.rel.rodata)
 *(.rel.rodata.*)
 *(.rel.gnu.linkonce.r*)

.rela.rodata
 *(.rela.rodata)
 *(.rela.rodata.*)
 *(.rela.gnu.linkonce.r*)

.rel.data
 *(.rel.data)
 *(.rel.data.*)
 *(.rel.gnu.linkonce.d*)

.rela.data
 *(.rela.data)
 *(.rela.data.*)
 *(.rela.gnu.linkonce.d*)

.rel.ctors
 *(.rel.ctors)

.rela.ctors
 *(.rela.ctors)

.rel.dtors
 *(.rel.dtors)

.rela.dtors
 *(.rela.dtors)

.rel.got
 *(.rel.got)

.rela.got
 *(.rela.got)

.rel.bss
 *(.rel.bss)

.rela.bss
 *(.rela.bss)

.rel.plt
 *(.rel.plt)

.rela.plt
 *(.rela.plt)

.text           0x00000000     0x1120
 *(.vectors)
 .vectors       0x00000000       0x54 C:/Program Files (x86)/Atmel/Studio/7.0/Packs/atmel/ATmega_DFP/1.7.374/gcc/dev/atmega32/avr5/crtatmega32.o
                0x00000000                __vector_default
                0x00000000                __vectors
 *(.vectors)
 *(.progmem.gcc*)
                0x00000054                . = ALIGN (0x2)
                0x00000054                __trampolines_start = .
 *(.trampolines)
 .trampolines   0x00000054        0x0 linker stubs
 *(.trampolines*)
                0x00000054                __trampolines_end = .
 *libprintf_flt.a:*(.progmem.data)
 *libc.a:*(.progmem.data)
 *(.progmem*)
                0x00000054                . = ALIGN (0x2)
 *(.jumptables)
 *(.jumptables*)
 *(.lowtext)
 *(.lowtext*)
                0x00000054                __ctors_start = .
 *(.ctors)
                0x00000054                __ctors_end = .
                0x00000054                __dtors_start = .
 *(.dtors)
                0x00000054                __dtors_end = .
 SORT(*)(.ctors)
 SORT(*)(.dtors)
 *(.init0)
 .init0         0x00000054        0x0 C:/Program Files (x86)/Atmel/Studio/7.0/Packs/atmel/ATmega_DFP/1.7.374/gcc/dev/atmega32/avr5/crtatmega32.o
                0x00000054                __init
 *(.init0)
 *(.init1)
 *(.init1)
 *(.init2)
 .init2         0x00000054        0xc C:/Program Files (x86)/Atmel/Studio/7.0/Packs/atmel/ATmega_DFP/1.7.374/gcc/dev/atmega32/avr5/crtatmega32.o
 *(.init2)
 *(.init3)
 *(.init3)
 *(.init4)
 .init4         0x00000060       0x16 c:/program files (x86)/atmel/studio/7.0/toolchain/avr8/avr8-gnu-toolchain/bin/../lib/gcc/avr/5.4.0/avr5\libgcc.a(_copy_data.o)
                0x00000060                __do_copy_data
 .init4         0x00000076       0x10 c:/program files (x86)/atmel/studio/7.0/toolchain/avr8/avr8-gnu-toolchain/bin/../lib/gcc/avr/5.4.0/avr5\libgcc.a(_clear_bss.o)
                0x00000076                __do_clear_bss
 *(.init4)
 *(.init5)
 *(.init5)
 *(.init6)
 *(.init6)
 *(.init7)
 *(.init7)
 *(.init8)
 *(.init8)
 *(.init9)
 .init9         0x00000086        0x8 C:/Program Files (x86)/Atmel/Studio/7.0/Packs/atmel/ATmega_DFP/1.7.374/gcc/dev/atmega32/avr5/crtatmega32.o
 *(.init9)
 *(.text)
 .text          0x0000008e        0x4 C:/Program Files (x86)/Atmel/Studio/7.0/Packs/atmel/ATmega_DFP/1.7.374/gcc/dev/atmega32/avr5/crtatmega32.o
                0x0000008e                __vector_12
                0x0000008e                __bad_interrupt
                0x0000008e                __vector_6
                0x0000008e                __vector_13
                0x0000008e                __vector_17
                0x0000008e                __vector_19
                0x0000008e                __vector_7
                0x0000008e                __vector_4
                0x0000008e                __vector_15
                0x0000008e                __vector_8
                0x0000008e                __vector_14
                0x0000008e                __vector_10
                0x0000008e                __vector_16
                0x0000008e                __vector_18
                0x0000008e                __vector_20
                0x00000092                . = ALIGN (0x2)
 *(.text.*)
 .text.TASK_1   0x00000092        0x8 APP/app.o
                0x00000092                TASK_1
 .text.TASK_2   0x0000009a        0x8 APP/app.o
                0x0000009a                TASK_2
 .text.APP_ext_int0_cbf
                0x000000a2       0x26 APP/app.o
                0x000000a2                APP_ext_int0_cbf
 .text.APP_wake_up_cbf
                0x000000c8       0x28 APP/app.o
                0x000000c8                APP_wake_up_cbf
 .text.APP_init
                0x000000f0       0x52 APP/app.o
                0x000000f0                APP_init
 .text.APP_start
                0x00000142        0xc APP/app.o
                0x00000142                APP_start
 .text.vidPrePushState
                0x0000014e       0x6e HAL/button/button.o
 .text.vidPushState
                0x000001bc       0x72 HAL/button/button.o
 .text.vidPreHoldState
                0x0000022e       0x72 HAL/button/button.o
 .text.vidHoldState
                0x000002a0       0x92 HAL/button/button.o
 .text.vidPreReleaseState
                0x00000332       0xda HAL/button/button.o
 .text.vidReleaseState
                0x0000040c       0x58 HAL/button/button.o
 .text.vidUpdateBtnState
                0x00000464       0x58 HAL/button/button.o
 .text.BUTTON_mainTask
                0x000004bc       0x16 HAL/button/button.o
                0x000004bc                BUTTON_mainTask
 .text.BUTTON_init
                0x000004d2       0x72 HAL/button/button.o
                0x000004d2                BUTTON_init
 .text.BUTTON_getState
                0x00000544       0x20 HAL/button/button.o
                0x00000544                BUTTON_getState
 .text.EXT_INTERRUPT_MANAGER_init
                0x00000564       0x1e HAL/ext_interrupt_manager/ext_interrupt_manager.o
                0x00000564                EXT_INTERRUPT_MANAGER_init
 .text.EXT_INTERRUPT_MANAGER_enable
                0x00000582        0x6 HAL/ext_interrupt_manager/ext_interrupt_manager.o
                0x00000582                EXT_INTERRUPT_MANAGER_enable
 .text.EXT_INTERRUPT_MANAGER_disable
                0x00000588        0x6 HAL/ext_interrupt_manager/ext_interrupt_manager.o
                0x00000588                EXT_INTERRUPT_MANAGER_disable
 .text.LED_init
                0x0000058e       0x32 HAL/led/led.o
                0x0000058e                LED_init
 .text.LED_off  0x000005c0       0x4a HAL/led/led.o
                0x000005c0                LED_off
 .text.LED_toggle
                0x0000060a       0x64 HAL/led/led.o
                0x0000060a                LED_toggle
 .text.TIMER_MANAGER_init
                0x0000066e        0x6 HAL/timer_manager/timer_manager.o
                0x0000066e                TIMER_MANAGER_init
 .text.TIMER_MANAGER_start
                0x00000674        0x6 HAL/timer_manager/timer_manager.o
                0x00000674                TIMER_MANAGER_start
 .text.TIMER_MANAGER_stop
                0x0000067a        0x6 HAL/timer_manager/timer_manager.o
                0x0000067a                TIMER_MANAGER_stop
 .text.TIMER_MANAGER_set_cbk
                0x00000680        0x6 HAL/timer_manager/timer_manager.o
                0x00000680                TIMER_MANAGER_set_cbk
 .text.main     0x00000686        0xe main.o
                0x00000686                main
 .text.DIO_init
                0x00000694       0x74 MCAL/dio/dio.o
                0x00000694                DIO_init
 .text.DIO_writePIN
                0x00000708       0xf6 MCAL/dio/dio.o
                0x00000708                DIO_writePIN
 .text.DIO_readPIN
                0x000007fe       0xd6 MCAL/dio/dio.o
                0x000007fe                DIO_readPIN
 .text.EXT_INTERRUPT_init
                0x000008d4       0x54 MCAL/ext_interrupt/ext_interrupt.o
                0x000008d4                EXT_INTERRUPT_init
 .text.EXT_INTERRUPT_enable
                0x00000928       0x3c MCAL/ext_interrupt/ext_interrupt.o
                0x00000928                EXT_INTERRUPT_enable
 .text.EXT_INTERRUPT_disable
                0x00000964       0x3c MCAL/ext_interrupt/ext_interrupt.o
                0x00000964                EXT_INTERRUPT_disable
 .text.EXT_INTERRUPT_set_callback_init
                0x000009a0       0x42 MCAL/ext_interrupt/ext_interrupt.o
                0x000009a0                EXT_INTERRUPT_set_callback_init
 .text.__vector_1
                0x000009e2       0x4e MCAL/ext_interrupt/ext_interrupt.o
                0x000009e2                __vector_1
 .text.__vector_2
                0x00000a30       0x4e MCAL/ext_interrupt/ext_interrupt.o
                0x00000a30                __vector_2
 .text.__vector_3
                0x00000a7e       0x4e MCAL/ext_interrupt/ext_interrupt.o
                0x00000a7e                __vector_3
 .text.__vector_11
                0x00000acc       0x58 MCAL/timer/timer.o
                0x00000acc                __vector_11
 .text.__vector_9
                0x00000b24       0x5e MCAL/timer/timer.o
                0x00000b24                __vector_9
 .text.__vector_5
                0x00000b82       0x58 MCAL/timer/timer.o
                0x00000b82                __vector_5
 .text.TIMER_init
                0x00000bda       0xd0 MCAL/timer/timer.o
                0x00000bda                TIMER_init
 .text.TIMER_start
                0x00000caa       0x72 MCAL/timer/timer.o
                0x00000caa                TIMER_start
 .text.TIMER_stop
                0x00000d1c       0x72 MCAL/timer/timer.o
                0x00000d1c                TIMER_stop
 .text.TIMER_set_cbk
                0x00000d8e       0x24 MCAL/timer/timer.o
                0x00000d8e                TIMER_set_cbk
 .text.SOS_tick_cbf
                0x00000db2       0x50 SERV/sos/sos.o
                0x00000db2                SOS_tick_cbf
 .text.SOS_run  0x00000e02       0x82 SERV/sos/sos.o
                0x00000e02                SOS_run
 .text.SOS_disable
                0x00000e84       0x1c SERV/sos/sos.o
                0x00000e84                SOS_disable
 .text.SOS_token_config_param
                0x00000ea0       0x5a SERV/sos/sos.o
                0x00000ea0                SOS_token_config_param
 .text.SOS_create_task
                0x00000efa       0xc0 SERV/sos/sos.o
                0x00000efa                SOS_create_task
 .text.SOS_rearrange_tasks
                0x00000fba      0x120 SERV/sos/sos.o
                0x00000fba                SOS_rearrange_tasks
 .text.SOS_init
                0x000010da       0x32 SERV/sos/sos.o
                0x000010da                SOS_init
 .text.SOS_change_state
                0x0000110c        0x6 SERV/sos/sos.o
                0x0000110c                SOS_change_state
 .text.SOS_wake_up
                0x00001112        0xa SERV/sos/sos.o
                0x00001112                SOS_wake_up
                0x0000111c                . = ALIGN (0x2)
 *(.fini9)
 .fini9         0x0000111c        0x0 c:/program files (x86)/atmel/studio/7.0/toolchain/avr8/avr8-gnu-toolchain/bin/../lib/gcc/avr/5.4.0/avr5\libgcc.a(_exit.o)
                0x0000111c                _exit
                0x0000111c                exit
 *(.fini9)
 *(.fini8)
 *(.fini8)
 *(.fini7)
 *(.fini7)
 *(.fini6)
 *(.fini6)
 *(.fini5)
 *(.fini5)
 *(.fini4)
 *(.fini4)
 *(.fini3)
 *(.fini3)
 *(.fini2)
 *(.fini2)
 *(.fini1)
 *(.fini1)
 *(.fini0)
 .fini0         0x0000111c        0x4 c:/program files (x86)/atmel/studio/7.0/toolchain/avr8/avr8-gnu-toolchain/bin/../lib/gcc/avr/5.4.0/avr5\libgcc.a(_exit.o)
 *(.fini0)
                0x00001120                _etext = .

.data           0x00800060       0x1c load address 0x00001120
                0x00800060                PROVIDE (__data_start, .)
 *(.data)
 *(.data*)
 .data.APP_runing_task
                0x00800060        0x2 APP/app.o
 .data.st_timer_2_config
                0x00800062        0x4 MCAL/timer/timer.o
                0x00800062                st_timer_2_config
 .data.st_timer_1_config
                0x00800066        0x4 MCAL/timer/timer.o
                0x00800066                st_timer_1_config
 .data.st_timer_0_config
                0x0080006a        0x4 MCAL/timer/timer.o
                0x0080006a                st_timer_0_config
 .data.u8_gs_max_count_of_tasks
                0x0080006e        0x1 SERV/sos/sos.o
 *(.gnu.linkonce.d*)
 *(.rodata)
 *(.rodata*)
 .rodata.arr_st_gc_btnConfig
                0x0080006f        0x6 HAL/button/button.o
                0x0080006f                arr_st_gc_btnConfig
 .rodata.st_gc_ledConfig
                0x00800075        0x4 HAL/led/led.o
                0x00800075                st_gc_ledConfig
 .rodata.arr_en_gc_edge_detection
                0x00800079        0x3 MCAL/ext_interrupt/ext_interrupt.o
                0x00800079                arr_en_gc_edge_detection
 *(.gnu.linkonce.r*)
                0x0080007c                . = ALIGN (0x2)
                0x0080007c                _edata = .
                0x0080007c                PROVIDE (__data_end, .)

.bss            0x0080007c      0x4cf
                0x0080007c                PROVIDE (__bss_start, .)
 *(.bss)
 *(.bss*)
 .bss.st_gs_strBtnInfo
                0x0080007c        0x6 HAL/button/button.o
 .bss.u8_ledState
                0x00800082        0x2 HAL/led/led.o
 .bss.u8_gs_ext_int_state
                0x00800084        0x3 MCAL/ext_interrupt/ext_interrupt.o
 .bss.callback_EXT_2
                0x00800087        0x2 MCAL/ext_interrupt/ext_interrupt.o
 .bss.callback_EXT_1
                0x00800089        0x2 MCAL/ext_interrupt/ext_interrupt.o
 .bss.callback_EXT_0
                0x0080008b        0x2 MCAL/ext_interrupt/ext_interrupt.o
 .bss.v_gs_arr_ptr_Timer_callBack
                0x0080008d        0x8 MCAL/timer/timer.o
 .bss.u8_gs_timer_2_state
                0x00800095        0x1 MCAL/timer/timer.o
 .bss.u8_gs_timer_1_state
                0x00800096        0x1 MCAL/timer/timer.o
 .bss.u8_gs_timer_0_state
                0x00800097        0x1 MCAL/timer/timer.o
 .bss.ptr_function_wake_up_routine
                0x00800098        0x2 SERV/sos/sos.o
                0x00800098                ptr_function_wake_up_routine
 .bss.u16_sos_task_tick
                0x0080009a       0xc8 SERV/sos/sos.o
 .bss.u8_gs_sos_module_state
                0x00800162        0x1 SERV/sos/sos.o
 .bss.u8_gs_arr_index_periority
                0x00800163       0x64 SERV/sos/sos.o
 .bss.u8_gs_arr_index_id
                0x008001c7       0x64 SERV/sos/sos.o
 .bss.arr_st_gs_task_config
                0x0080022b      0x320 SERV/sos/sos.o
 *(COMMON)
                0x0080054b                PROVIDE (__bss_end, .)
                0x00001120                __data_load_start = LOADADDR (.data)
                0x0000113c                __data_load_end = (__data_load_start + SIZEOF (.data))

.noinit         0x0080054b        0x0
                [!provide]                PROVIDE (__noinit_start, .)
 *(.noinit*)
                [!provide]                PROVIDE (__noinit_end, .)
                0x0080054b                _end = .
                [!provide]                PROVIDE (__heap_start, .)

.eeprom         0x00810000        0x0
 *(.eeprom*)
                0x00810000                __eeprom_end = .

.fuse
 *(.fuse)
 *(.lfuse)
 *(.hfuse)
 *(.efuse)

.lock
 *(.lock*)

.signature
 *(.signature*)

.user_signatures
 *(.user_signatures*)

.stab
 *(.stab)

.stabstr
 *(.stabstr)

.stab.excl
 *(.stab.excl)

.stab.exclstr
 *(.stab.exclstr)

.stab.index
 *(.stab.index)

.stab.indexstr
 *(.stab.indexstr)

.comment        0x00000000       0x30
 *(.comment)
 .comment       0x00000000       0x30 APP/app.o
                                 0x31 (size before relaxing)
 .comment       0x00000030       0x31 HAL/button/button.o
 .comment       0x00000030       0x31 HAL/ext_interrupt_manager/ext_interrupt_manager.o
 .comment       0x00000030       0x31 HAL/led/led.o
 .comment       0x00000030       0x31 HAL/timer_manager/timer_manager.o
 .comment       0x00000030       0x31 main.o
 .comment       0x00000030       0x31 MCAL/dio/dio.o
 .comment       0x00000030       0x31 MCAL/ext_interrupt/ext_interrupt.o
 .comment       0x00000030       0x31 MCAL/timer/timer.o
 .comment       0x00000030       0x31 SERV/sos/sos.o

.note.gnu.avr.deviceinfo
                0x00000000       0x3c
 .note.gnu.avr.deviceinfo
                0x00000000       0x3c C:/Program Files (x86)/Atmel/Studio/7.0/Packs/atmel/ATmega_DFP/1.7.374/gcc/dev/atmega32/avr5/crtatmega32.o

.note.gnu.build-id
 *(.note.gnu.build-id)

.debug
 *(.debug)

.line
 *(.line)

.debug_srcinfo
 *(.debug_srcinfo)

.debug_sfnames
 *(.debug_sfnames)

.debug_aranges  0x00000000      0x2c8
 *(.debug_aranges)
 .debug_aranges
                0x00000000       0x50 APP/app.o
 .debug_aranges
                0x00000050       0x68 HAL/button/button.o
 .debug_aranges
                0x000000b8       0x30 HAL/ext_interrupt_manager/ext_interrupt_manager.o
 .debug_aranges
                0x000000e8       0x38 HAL/led/led.o
 .debug_aranges
                0x00000120       0x38 HAL/timer_manager/timer_manager.o
 .debug_aranges
                0x00000158       0x20 main.o
 .debug_aranges
                0x00000178       0x30 MCAL/dio/dio.o
 .debug_aranges
                0x000001a8       0x50 MCAL/ext_interrupt/ext_interrupt.o
 .debug_aranges
                0x000001f8       0x50 MCAL/timer/timer.o
 .debug_aranges
                0x00000248       0x80 SERV/sos/sos.o

.debug_pubnames
 *(.debug_pubnames)

.debug_info     0x00000000     0x2525
 *(.debug_info .gnu.linkonce.wi.*)
 .debug_info    0x00000000      0x4e6 C:/Program Files (x86)/Atmel/Studio/7.0/Packs/atmel/ATmega_DFP/1.7.374/gcc/dev/atmega32/avr5/crtatmega32.o
 .debug_info    0x000004e6      0x44c APP/app.o
 .debug_info    0x00000932      0x576 HAL/button/button.o
 .debug_info    0x00000ea8      0x209 HAL/ext_interrupt_manager/ext_interrupt_manager.o
 .debug_info    0x000010b1      0x3c1 HAL/led/led.o
 .debug_info    0x00001472      0x214 HAL/timer_manager/timer_manager.o
 .debug_info    0x00001686       0x7c main.o
 .debug_info    0x00001702      0x1f9 MCAL/dio/dio.o
 .debug_info    0x000018fb      0x2d0 MCAL/ext_interrupt/ext_interrupt.o
 .debug_info    0x00001bcb      0x394 MCAL/timer/timer.o
 .debug_info    0x00001f5f      0x5c6 SERV/sos/sos.o

.debug_abbrev   0x00000000      0xf1a
 *(.debug_abbrev)
 .debug_abbrev  0x00000000      0x4a3 C:/Program Files (x86)/Atmel/Studio/7.0/Packs/atmel/ATmega_DFP/1.7.374/gcc/dev/atmega32/avr5/crtatmega32.o
 .debug_abbrev  0x000004a3       0xe8 APP/app.o
 .debug_abbrev  0x0000058b      0x17c HAL/button/button.o
 .debug_abbrev  0x00000707       0xe2 HAL/ext_interrupt_manager/ext_interrupt_manager.o
 .debug_abbrev  0x000007e9      0x11a HAL/led/led.o
 .debug_abbrev  0x00000903       0xaa HAL/timer_manager/timer_manager.o
 .debug_abbrev  0x000009ad       0x5a main.o
 .debug_abbrev  0x00000a07       0x98 MCAL/dio/dio.o
 .debug_abbrev  0x00000a9f      0x114 MCAL/ext_interrupt/ext_interrupt.o
 .debug_abbrev  0x00000bb3      0x13f MCAL/timer/timer.o
 .debug_abbrev  0x00000cf2      0x228 SERV/sos/sos.o

.debug_line     0x00000000     0x17ec
 *(.debug_line .debug_line.* .debug_line_end)
 .debug_line    0x00000000      0x116 C:/Program Files (x86)/Atmel/Studio/7.0/Packs/atmel/ATmega_DFP/1.7.374/gcc/dev/atmega32/avr5/crtatmega32.o
 .debug_line    0x00000116      0x266 APP/app.o
 .debug_line    0x0000037c      0x2fb HAL/button/button.o
 .debug_line    0x00000677      0x161 HAL/ext_interrupt_manager/ext_interrupt_manager.o
 .debug_line    0x000007d8      0x196 HAL/led/led.o
 .debug_line    0x0000096e      0x137 HAL/timer_manager/timer_manager.o
 .debug_line    0x00000aa5       0x5d main.o
 .debug_line    0x00000b02      0x1fa MCAL/dio/dio.o
 .debug_line    0x00000cfc      0x284 MCAL/ext_interrupt/ext_interrupt.o
 .debug_line    0x00000f80      0x365 MCAL/timer/timer.o
 .debug_line    0x000012e5      0x507 SERV/sos/sos.o

.debug_frame    0x00000000      0x7b0
 *(.debug_frame)
 .debug_frame   0x00000000       0x84 APP/app.o
 .debug_frame   0x00000084      0x184 HAL/button/button.o
 .debug_frame   0x00000208       0x54 HAL/ext_interrupt_manager/ext_interrupt_manager.o
 .debug_frame   0x0000025c       0x84 HAL/led/led.o
 .debug_frame   0x000002e0       0x54 HAL/timer_manager/timer_manager.o
 .debug_frame   0x00000334       0x24 main.o
 .debug_frame   0x00000358       0x44 MCAL/dio/dio.o
 .debug_frame   0x0000039c      0x16c MCAL/ext_interrupt/ext_interrupt.o
 .debug_frame   0x00000508      0x15c MCAL/timer/timer.o
 .debug_frame   0x00000664      0x14c SERV/sos/sos.o

.debug_str      0x00000000      0xf8e
 *(.debug_str)
 .debug_str     0x00000000      0x196 C:/Program Files (x86)/Atmel/Studio/7.0/Packs/atmel/ATmega_DFP/1.7.374/gcc/dev/atmega32/avr5/crtatmega32.o
 .debug_str     0x00000196      0x399 APP/app.o
                                0x3d2 (size before relaxing)
 .debug_str     0x0000052f      0x220 HAL/button/button.o
                                0x480 (size before relaxing)
 .debug_str     0x0000074f       0xf5 HAL/ext_interrupt_manager/ext_interrupt_manager.o
                                0x330 (size before relaxing)
 .debug_str     0x00000844       0x89 HAL/led/led.o
                                0x2fe (size before relaxing)
 .debug_str     0x000008cd      0x11e HAL/timer_manager/timer_manager.o
                                0x2e1 (size before relaxing)
 .debug_str     0x000009eb       0x11 main.o
                                0x15b (size before relaxing)
 .debug_str     0x000009fc       0x22 MCAL/dio/dio.o
                                0x296 (size before relaxing)
 .debug_str     0x00000a1e       0xdb MCAL/ext_interrupt/ext_interrupt.o
                                0x3a2 (size before relaxing)
 .debug_str     0x00000af9      0x277 MCAL/timer/timer.o
                                0x539 (size before relaxing)
 .debug_str     0x00000d70      0x21e SERV/sos/sos.o
                                0x4ae (size before relaxing)

.debug_loc      0x00000000     0x1cd8
 *(.debug_loc)
 .debug_loc     0x00000000      0x574 HAL/button/button.o
 .debug_loc     0x00000574      0x13d HAL/ext_interrupt_manager/ext_interrupt_manager.o
 .debug_loc     0x000006b1      0x339 HAL/led/led.o
 .debug_loc     0x000009ea       0xaa HAL/timer_manager/timer_manager.o
 .debug_loc     0x00000a94      0x2b5 MCAL/dio/dio.o
 .debug_loc     0x00000d49      0x50a MCAL/ext_interrupt/ext_interrupt.o
 .debug_loc     0x00001253      0x4cc MCAL/timer/timer.o
 .debug_loc     0x0000171f      0x5b9 SERV/sos/sos.o

.debug_macinfo
 *(.debug_macinfo)

.debug_weaknames
 *(.debug_weaknames)

.debug_funcnames
 *(.debug_funcnames)

.debug_typenames
 *(.debug_typenames)

.debug_varnames
 *(.debug_varnames)

.debug_pubtypes
 *(.debug_pubtypes)

.debug_ranges   0x00000000      0x278
 *(.debug_ranges)
 .debug_ranges  0x00000000       0x40 APP/app.o
 .debug_ranges  0x00000040       0x58 HAL/button/button.o
 .debug_ranges  0x00000098       0x20 HAL/ext_interrupt_manager/ext_interrupt_manager.o
 .debug_ranges  0x000000b8       0x28 HAL/led/led.o
 .debug_ranges  0x000000e0       0x28 HAL/timer_manager/timer_manager.o
 .debug_ranges  0x00000108       0x10 main.o
 .debug_ranges  0x00000118       0x20 MCAL/dio/dio.o
 .debug_ranges  0x00000138       0x40 MCAL/ext_interrupt/ext_interrupt.o
 .debug_ranges  0x00000178       0x40 MCAL/timer/timer.o
 .debug_ranges  0x000001b8       0xc0 SERV/sos/sos.o

.debug_macro
 *(.debug_macro)
OUTPUT(small os.elf elf32-avr)
LOAD linker stubs
